---
source: crates/criticalup-cli/tests/cli/clean.rs
expression: repr
---
exit: exit status: 0

empty stdout

stderr
------
 INFO Deleting unused installation installation_id_2
 INFO Deleting unused installation directory /path/to/toolchain/installation/installation_id_2/
 INFO Deleting unused installation installation_id_3
 INFO Deleting unused installation directory /path/to/toolchain/installation/installation_id_3/
 INFO no untracked installation directories found
------
