---
source: crates/criticalup-cli/tests/cli/binary_proxies.rs
expression: repr
---
exit: exit status: 1

empty stdout

stderr
------
error: criticalup could not invoke the binary you requested
  caused by: Could not find a project manifest in the current or parent directories.
------
