---
source: crates/criticalup-cli/tests/cli/auth_set.rs
expression: repr
---
exit: exit status: 1

empty stdout

stderr
------
error: Invalid authentication token provided.
------
