---
source: crates/criticalup-cli/tests/cli/run.rs
expression: repr
---
exit: exit status: 1

empty stdout

stderr
------
error: Failed to load the project manifest at /path/to/criticalup.toml.
  caused by: Failed to read the file.
  caused by: No such file or directory (os error 2)
------
