---
source: crates/criticalup-cli/tests/cli/auth_remove.rs
assertion_line: 15
expression: repr

---
exit: exit status: 0

empty stdout

empty stderr

